=== Testing Series Flow ===

1. Creating Series...
node : ERROR 
Creating series: 
Error undefined
At line:1 char:1
+ node scripts/test_s
eries_flow.js > 
test_output.txt 2>&1
+ ~~~~~~~~~~~~~~~~~~~
~~~~~~~~~~~~~~~~~~~~~
~~~~~~~~~~~~~~~
    + CategoryInfo   
           : NotSpe  
  cified: (ERROR C   
 reating series:     
Error undefined:    
String) [], Remo    
teException
    + FullyQualified 
   ErrorId : Native  
  CommandError
 
